// Jest Snapshot v1, https://goo.gl/fbAQLP

exports[`<Footer /> should render 1`] = `
<div>
  Film data provided by TMDB
</div>
`;
